node.exe : [33m[1mÔÜá[22m[39m Warning: Next.js inferred your 
workspace root, but it may not be correct.
No C:\Program Files\nodejs\npm.ps1:29 caractere:3
+   & $NODE_EXE $NPM_CLI_JS $args
+   ~~~~~~~~~~~~~~~~~~~~~~~~~~~~~
    + CategoryInfo          : NotSpecified: ([33m[1mÔÜá[2...not be  
   correct.:String) [], RemoteException
    + FullyQualifiedErrorId : NativeCommandError
 
 We detected multiple lockfiles and selected the directory of 
C:\Users\Luiz\package-lock.json as the root directory.
 To silence this warning, set `turbopack.root` in your Next.js config, 
or consider removing one of the lockfiles if it's not needed.
   See https://nextjs.org/docs/app/api-reference/config/next-config-js/
turbopack#root-directory for more information.
 Detected additional lockfiles: 
   * C:\Users\Luiz\Desktop\E-COMERCCE\e-commerce\package-lock.json

Error: Can't resolve 'tailwindcss-animate' in 
'C:\Users\Luiz\Desktop\E-COMERCCE\e-commerce\src\app'
    [2m[at finishWithoutResolve [90m(C:\Users\Luiz\Desktop\E-COMERCCE
\e-commerce\[39mnode_modules\[4menhanced-resolve[24m\lib\Resolver.js
:586:18][0m[90m)[39m
    [2m[at [90mC:\Users\Luiz\Desktop\E-COMERCCE\e-commerce\[39mnode_
modules\[4menhanced-resolve[24m\lib\Resolver.js:678:14][0m
    [2m[at [90mC:\Users\Luiz\Desktop\E-COMERCCE\e-commerce\[39mnode_
modules\[4menhanced-resolve[24m\lib\Resolver.js:739:5][0m
    [2m[at eval (eval at create [90m(C:\Users\Luiz\Desktop\E-COMERCCE
\e-commerce\[39mnode_modules\[4mtapable[24m\lib\HookCodeFactory.js:3
1:10), <anonymous>:15:1)][0m[90m)[39m
    [2m[at [90mC:\Users\Luiz\Desktop\E-COMERCCE\e-commerce\[39mnode_
modules\[4menhanced-resolve[24m\lib\Resolver.js:739:5][0m
    [2m[at eval (eval at create [90m(C:\Users\Luiz\Desktop\E-COMERCCE
\e-commerce\[39mnode_modules\[4mtapable[24m\lib\HookCodeFactory.js:3
1:10), <anonymous>:27:1)][0m[90m)[39m
    [2m[at [90mC:\Users\Luiz\Desktop\E-COMERCCE\e-commerce\[39mnode_
modules\[4menhanced-resolve[24m\lib\DescriptionFilePlugin.js:89:43][
0m
    [2m[at [90mC:\Users\Luiz\Desktop\E-COMERCCE\e-commerce\[39mnode_
modules\[4menhanced-resolve[24m\lib\Resolver.js:739:5][0m
    [2m[at eval (eval at create [90m(C:\Users\Luiz\Desktop\E-COMERCCE
\e-commerce\[39mnode_modules\[4mtapable[24m\lib\HookCodeFactory.js:3
1:10), <anonymous>:15:1)][0m[90m)[39m
    [2m[at [90mC:\Users\Luiz\Desktop\E-COMERCCE\e-commerce\[39mnode_
modules\[4menhanced-resolve[24m\lib\Resolver.js:739:5][0m {
  details: [32m"resolve 'tailwindcss-animate' in 
'C:\\Users\\Luiz\\Desktop\\E-COMERCCE\\e-commerce\\src\\app'\n"[39m +
    [32m'  Parsed request is a module\n'[39m +
    [32m'  using description file: 
C:\\Users\\Luiz\\Desktop\\E-COMERCCE\\e-commerce\\package.json 
(relative path: ./src/app)\n'[39m +
    [32m'    resolve as module\n'[39m +
    [32m"      C:\\Users\\Luiz\\Desktop\\E-COMERCCE\\e-commerce\\src\\
app\\node_modules doesn't exist or is not a directory\n"[39m +
    [32m"      
C:\\Users\\Luiz\\Desktop\\E-COMERCCE\\e-commerce\\src\\node_modules 
doesn't exist or is not a directory\n"[39m +
    [32m'      looking for modules in 
C:\\Users\\Luiz\\Desktop\\E-COMERCCE\\e-commerce\\node_modules\n'[39m 
+
    [32m'        single file module\n'[39m +
    [32m'          using description file: 
C:\\Users\\Luiz\\Desktop\\E-COMERCCE\\e-commerce\\package.json 
(relative path: ./node_modules/tailwindcss-animate)\n'[39m +
    [32m'            no extension\n'[39m +
    [32m"              C:\\Users\\Luiz\\Desktop\\E-COMERCCE\\e-commerc
e\\node_modules\\tailwindcss-animate doesn't exist\n"[39m +
    [32m'            .js\n'[39m +
    [32m"              C:\\Users\\Luiz\\Desktop\\E-COMERCCE\\e-commerc
e\\node_modules\\tailwindcss-animate.js doesn't exist\n"[39m +
    [32m'            .json\n'[39m +
    [32m"              C:\\Users\\Luiz\\Desktop\\E-COMERCCE\\e-commerc
e\\node_modules\\tailwindcss-animate.json doesn't exist\n"[39m +
    [32m'            .node\n'[39m +
    [32m"              C:\\Users\\Luiz\\Desktop\\E-COMERCCE\\e-commerc
e\\node_modules\\tailwindcss-animate.node doesn't exist\n"[39m +
    [32m'            .ts\n'[39m +
    [32m"              C:\\Users\\Luiz\\Desktop\\E-COMERCCE\\e-commerc
e\\node_modules\\tailwindcss-animate.ts doesn't exist\n"[39m +
    [32m"        C:\\Users\\Luiz\\Desktop\\E-COMERCCE\\e-commerce\\nod
e_modules\\tailwindcss-animate doesn't exist\n"[39m +
    [32m"      C:\\Users\\Luiz\\Desktop\\E-COMERCCE\\node_modules 
doesn't exist or is not a directory\n"[39m +
    [32m"      C:\\Users\\Luiz\\Desktop\\node_modules doesn't exist 
or is not a directory\n"[39m +
    [32m'      looking for modules in 
C:\\Users\\Luiz\\node_modules\n'[39m +
    [32m'        single file module\n'[39m +
    [32m'          using description file: 
C:\\Users\\Luiz\\package.json (relative path: 
./node_modules/tailwindcss-animate)\n'[39m +
    [32m'            no extension\n'[39m +
    [32m"              
C:\\Users\\Luiz\\node_modules\\tailwindcss-animate doesn't 
exist\n"[39m +
    [32m'            .js\n'[39m +
    [32m"              
C:\\Users\\Luiz\\node_modules\\tailwindcss-animate.js doesn't 
exist\n"[39m +
    [32m'            .json\n'[39m +
    [32m"              
C:\\Users\\Luiz\\node_modules\\tailwindcss-animate.json doesn't 
exist\n"[39m +
    [32m'            .node\n'[39m +
    [32m"              
C:\\Users\\Luiz\\node_modules\\tailwindcss-animate.node doesn't 
exist\n"[39m +
    [32m'            .ts\n'[39m +
    [32m"              
C:\\Users\\Luiz\\node_modules\\tailwindcss-animate.ts doesn't 
exist\n"[39m +
    [32m"        C:\\Users\\Luiz\\node_modules\\tailwindcss-animate 
doesn't exist\n"[39m +
    [32m"      C:\\Users\\node_modules doesn't exist or is not a 
directory\n"[39m +
    [32m"      C:\\node_modules doesn't exist or is not a 
directory"[39m
}

> Build error occurred
Error: Turbopack build failed with 1 errors:
./Desktop/E-COMERCCE/e-commerce/src/app/globals.css
Error evaluating Node.js code
CssSyntaxError: tailwindcss: 
C:\Users\Luiz\Desktop\E-COMERCCE\e-commerce\src\app\globals.css:1:1: 
Can't resolve 'tailwindcss-animate' in 
'C:\Users\Luiz\Desktop\E-COMERCCE\e-commerce\src\app'
    at Input.error (Desktop/E-COMERCCE/e-commerce/node_modules/postcss/
lib/input.js:135:16) [C:\Users\Luiz\Desktop\E-COMERCCE\e-commerce\.next
\build\chunks\d0e86_d4eda134._.js:4651:22]
    at Root.error (Desktop/E-COMERCCE/e-commerce/node_modules/postcss/l
ib/node.js:146:32) [C:\Users\Luiz\Desktop\E-COMERCCE\e-commerce\.next\b
uild\chunks\d0e86_d4eda134._.js:928:38]
    [at Object.Once (C:\Users\Luiz\Desktop\E-COMERCCE\e-commerce\node_m
odules\@tailwindcss\postcss\dist\index.js:10:6913)]
    at async LazyResult.runAsync (Desktop/E-COMERCCE/e-commerce/node_mo
dules/postcss/lib/lazy-result.js:293:11) [C:\Users\Luiz\Desktop\E-COMER
CCE\e-commerce\.next\build\chunks\d0e86_d4eda134._.js:6214:21]
    at async transform 
(turbopack:///[turbopack-node]/transforms/postcss.ts:70:34) [C:\Users\L
uiz\Desktop\E-COMERCCE\e-commerce\.next\build\chunks\[root-of-the-serve
r]__433897cf._.js:146:36]
    at async run (turbopack:///[turbopack-node]/ipc/evaluate.ts:92:23) 
[C:\Users\Luiz\Desktop\E-COMERCCE\e-commerce\.next\build\chunks\[root-o
f-the-server]__50e65b40._.js:443:31]

Import trace:
  Client Component Browser:
    ./Desktop/E-COMERCCE/e-commerce/src/app/globals.css [Client 
Component Browser]
    ./Desktop/E-COMERCCE/e-commerce/src/app/layout.tsx [Server 
Component]


    at async transform 
(turbopack:///[turbopack-node]/transforms/postcss.ts:70:34) [C:\Users\L
uiz\Desktop\E-COMERCCE\e-commerce\.next\build\chunks\[root-of-the-serve
r]__433897cf._.js:146:36])
    at async run (turbopack:///[turbopack-node]/ipc/evaluate.ts:92:23) 
[C:\Users\Luiz\Desktop\E-COMERCCE\e-commerce\.next\build\chunks\[root-o
f-the-server]__50e65b40._.js:443:31])
